\BOOKMARK [1][-]{section.1}{\376\377\000I\000n\000t\000r\000o\000d\000u\000c\000t\000i\000o\000n}{}% 1
\BOOKMARK [2][-]{subsection.1.1}{\376\377\000M\000a\000i\000n\000\040\000r\000e\000s\000u\000l\000t\000s}{section.1}% 2
\BOOKMARK [2][-]{subsection.1.2}{\376\377\000N\000e\000c\000e\000s\000s\000i\000t\000y\000\040\000o\000f\000\040\000t\000h\000e\000\040\000h\000y\000p\000o\000t\000h\000e\000s\000e\000s}{section.1}% 3
\BOOKMARK [2][-]{subsection.1.3}{\376\377\000S\000u\000b\000s\000t\000r\000u\000c\000t\000u\000r\000a\000l\000\040\000l\000o\000g\000i\000c\000s}{section.1}% 4
\BOOKMARK [2][-]{subsection.1.4}{\376\377\000R\000e\000l\000a\000t\000e\000d\000\040\000w\000o\000r\000k}{section.1}% 5
\BOOKMARK [2][-]{subsection.1.5}{\376\377\000O\000r\000g\000a\000n\000i\000z\000a\000t\000i\000o\000n\000\040\000o\000f\000\040\000t\000h\000e\000\040\000p\000a\000p\000e\000r}{section.1}% 6
\BOOKMARK [1][-]{section.2}{\376\377\000P\000r\000e\000l\000i\000m\000i\000n\000a\000r\000i\000e\000s}{}% 7
\BOOKMARK [2][-]{subsection.2.1}{\376\377\000F\000o\000r\000m\000u\000l\000a\000s\000\040\000a\000n\000d\000\040\000l\000o\000g\000i\000c\000s}{section.2}% 8
\BOOKMARK [2][-]{subsection.2.2}{\376\377\000T\000h\000e\000\040\000s\000u\000b\000s\000t\000i\000t\000u\000t\000i\000o\000n\000\040\000p\000r\000e\000o\000r\000d\000e\000r}{section.2}% 9
\BOOKMARK [2][-]{subsection.2.3}{\376\377\000O\000c\000c\000u\000r\000r\000e\000n\000c\000e\000s\000\040\000a\000n\000d\000\040\000a\000\040\000c\000r\000i\000t\000e\000r\000i\000o\000n\000\040\000f\000o\000r\000\040\000m\000i\000n\000i\000m\000a\000l\000i\000t\000y}{section.2}% 10
\BOOKMARK [1][-]{section.3}{\376\377\000T\000h\000e\000\040\000T\000r\000a\000n\000s\000l\000a\000t\000i\000o\000n}{}% 11
\BOOKMARK [1][-]{section.4}{\376\377\000P\000r\000o\000o\000f\000\040\000o\000f\000\040\000t\000h\000e\000\040\000M\000a\000i\000n\000\040\000T\000h\000e\000o\000r\000e\000m}{}% 12
\BOOKMARK [1][-]{section.5}{\376\377\000S\000o\000u\000n\000d\000n\000e\000s\000s\000\040\000o\000v\000e\000r\000\040\000B\000C\000I}{}% 13
\BOOKMARK [1][-]{section.6}{\376\377\000A\000p\000p\000l\000i\000c\000a\000t\000i\000o\000n\000\040\000t\000o\000\040\000t\000h\000e\000\040\000K\000o\000m\000o\000r\000i\040\023\000K\000a\000s\000h\000i\000m\000a\000\040\000P\000r\000o\000b\000l\000e\000m}{}% 14
\BOOKMARK [2][-]{subsection.6.1}{\376\377\000F\000o\000r\000m\000u\000l\000a\000s\000\040\000o\000f\000\040\000o\000r\000d\000e\000r\000\040\000a\000t\000\040\000m\000o\000s\000t\000\040\0003}{section.6}% 15
\BOOKMARK [2][-]{subsection.6.2}{\376\377\000A\000n\000\040\000a\000x\000i\000o\000m\000\040\000o\000f\000\040\000G\000\366\000d\000e\000l\040\023\000D\000u\000m\000m\000e\000t\000t\000\040\000l\000o\000g\000i\000c\000\040\000o\000f\000\040\000o\000r\000d\000e\000r\000\040\0004}{section.6}% 16
\BOOKMARK [2][-]{subsection.6.3}{\376\377\000A\000\040\000m\000i\000n\000i\000m\000a\000l\000i\000t\000y\000-\000p\000r\000e\000s\000e\000r\000v\000i\000n\000g\000\040\000n\000o\000r\000m\000a\000l\000\040\000f\000o\000r\000m}{section.6}% 17
\BOOKMARK [2][-]{subsection.6.4}{\376\377\000A\000n\000t\000e\000c\000e\000d\000e\000n\000t\000s\000\040\000o\000f\000\040\000o\000r\000d\000e\000r\000\040\0003}{section.6}% 18
\BOOKMARK [1][-]{section.7}{\376\377\000N\000e\000c\000e\000s\000s\000i\000t\000y\000\040\000o\000f\000\040\000t\000h\000e\000\040\000A\000x\000i\000o\000m\000\040\000I}{}% 19
\BOOKMARK [1][-]{section.8}{\376\377\000S\000u\000b\000s\000t\000r\000u\000c\000t\000u\000r\000a\000l\000\040\000L\000o\000g\000i\000c\000s}{}% 20
\BOOKMARK [2][-]{subsection.8.1}{\376\377\000T\000h\000e\000\040\000t\000r\000a\000n\000s\000l\000a\000t\000i\000o\000n\000\040\000i\000n\000\040\000a\000\040\000r\000i\000c\000h\000e\000r\000\040\000l\000a\000n\000g\000u\000a\000g\000e}{section.8}% 21
\BOOKMARK [2][-]{subsection.8.2}{\376\377\000S\000o\000u\000n\000d\000n\000e\000s\000s\000\040\000o\000v\000e\000r\000\040\000F\000L\000e\000\040\000a\000n\000d\000\040\000F\000L\000e\000w}{section.8}% 22
\BOOKMARK [2][-]{subsection.8.3}{\376\377\000A\000d\000d\000i\000t\000i\000v\000e\000\040\000c\000o\000n\000n\000e\000c\000t\000i\000v\000e\000s\000\040\000o\000v\000e\000r\000\040\000F\000L\000e}{section.8}% 23
\BOOKMARK [1][-]{section.9}{\376\377\000C\000o\000n\000c\000l\000u\000d\000i\000n\000g\000\040\000R\000e\000m\000a\000r\000k\000s}{}% 24
\BOOKMARK [1][-]{section.A}{\376\377\000P\000r\000o\000o\000f\000\040\000o\000f\000\040\000P\000r\000o\000p\000o\000s\000i\000t\000i\000o\000n\000\040\0002\000.\0002}{}% 25
\BOOKMARK [1][-]{section.B}{\376\377\000F\000o\000r\000m\000a\000l\000i\000z\000a\000t\000i\000o\000n\000\040\000i\000n\000\040\000L\000e\000a\000n}{}% 26
\BOOKMARK [1][-]{section.C}{\376\377\000N\000e\000c\000e\000s\000s\000i\000t\000y\000\040\000o\000f\000\040\000t\000h\000e\000\040\000A\000x\000i\000o\000m\000s\000\040\000B\000\040\000a\000n\000d\000\040\000C}{}% 27
